// =============================================================================
// Math — the transcendental family. Each method is a substitution onto two
// substrate leaves; the runtime body IS that substitution, on the substrate.
// =============================================================================
//
// Two leaves, both tensor ops on the substrate (codegen_pytorch.py, verified
// substrate-pure 2026-05-15 — single _st() host→substrate boundary, _lerp
// crosstalk readout, 0-d tensor return, no host float/if/raise):
//
//   realExp(a)       e^a       — the rotational crosstalk lookup codebook
//   imaginaryExp(b)  e^(i·b)   — the eigenrotation (cos b + i·sin b)
//
// "Lookup" is not host array indexing: the input picks an angle, the readout
// is a crosstalk-weighted sum over the codebook (triangular soft-index) —
// _VSA._lerp. The eigenrotation is the unit rotation by an angle; its
// real/imag coordinates ARE cos/sin, so there is no separate sine algorithm.
//
// Euler's identity is the keystone:  e^(a+b·i) = e^a · e^(b·i).  _VSA.exp
// runs through the complex exponential cexp(x,0) so the reduction executes
// on the substrate, not just in a comment.
//
// Status (honest): the runtime leaves are substrate-pure and verified
// (test_transcendentals: 3 passed / 20 subtests; smoke test PASS). The
// methods are `intrinsic` — routing to the verified _VSA.* — because making
// the .su bodies THEMSELVES the executable reduction (`static method exp(z)
// { return realExp(z.real) * imaginaryExp(z.imaginary); }`) needs three
// things that are genuinely not done yet and must not be faked: a unified
// complex representation (the cexp chain is length-2 [re,im]; complex
// literals + complex_mul are d-dim synthetic-axis — they disagree),
// substrate-pure `.real`/`.imaginary` projection, and namespaced-stdlib
// inlining. That is the top item of the substrate-leak audit, not a
// shipped feature.

class Math extends vector {

    // exp — Euler: e^(a+b·i) = e^a·e^(b·i). _VSA.exp = cexp(x,0) on the
    //   substrate (realExp leaf × eigenrotation). Out-of-range saturates
    //   at the table edge (no host raise — the no-runtime-errors rule).
    static intrinsic method scalar exp(scalar x);

    // log / ln — natural log (JS Math.log is natural, not base-10): the
    //   inverse codebook, same crosstalk kernel. ln is the identity alias.
    //   Non-positive / out-of-range saturates at the table edge (a large
    //   negative — the valid limit, not an error).
    static intrinsic method scalar log(scalar x);
    static intrinsic method scalar ln(scalar x);

    // cos — real part of the unit eigenrotation e^(i·x).
    // sin — imag part of the SAME rotation (the y-coordinate).
    static intrinsic method scalar cos(scalar x);
    static intrinsic method scalar sin(scalar x);

    // pow  — change of base:  x^y = e^(y · ln x).
    // sqrt — the y = 1/2 case:  √x = e^(0.5 · ln x). x near 0 saturates
    //   at the log table edge — an honest reflection of the codebook.
    static intrinsic method scalar pow(scalar x, scalar y);
    static intrinsic method scalar sqrt(scalar x);

    // tan — the rotation's slope sin/cos. At odd multiples of π/2 cos → 0
    //   and the quotient → ±inf (the valid limit; no host `if cos == 0`).
    static intrinsic method scalar tan(scalar x);

    // sinh = (e^x − e^−x)/2   cosh = (e^x + e^−x)/2
    // tanh = (e^2x − 1)/(e^2x + 1)  [stable form]; for large |x| exp
    //   saturates at the table edge so tanh → ±1, the correct limit.
    static intrinsic method scalar sinh(scalar x);
    static intrinsic method scalar cosh(scalar x);
    static intrinsic method scalar tanh(scalar x);
}
