// Canonical Sutra definitions for vector-similarity operations.
//
// Today these are hardcoded as runtime methods in codegen.py —
// see `def eq`, `def similarity`, and the vectorized `_argmax_cosine` /
// `_select_softmax` helpers emitted by _emit_prelude. This file is
// the target shape for the function-expansion pass to consume. See
// stdlib/README.md.


// ==========================================================================
// Section 1 — implemented in pure Sutra
// ==========================================================================


// neq — negation of cosine-similarity equality. Composed, not primitive.
// Once `eq` inlines, this collapses to `logical_not(eq(a, b))` which is
// one extra polynomial on top of the eq result.
function fuzzy neq(vector a, vector b) {
    return !(a == b);
}


// ==========================================================================
// Section 2 — compiler-provided intrinsics (CALLABLE; the Sutra bodies are blocked)
// ==========================================================================
//
// IMPORTANT: the operations below ARE available — `argmax_cosine`, `select`,
// `similarity`, and `eq` are provided directly by the codegen (vectorized
// matmul + argmax/softmax in the emitted runtime). You call them like any
// function; see each one's "Call:" line. What is "blocked" is writing their
// *implementation* as Sutra source — the reference algorithms below need
// primitives (`dot`, `stack`, `@`, `argmax`, runtime array indexing) that the
// surface language doesn't expose yet, so the compiler ships the algorithm
// directly instead. The pseudo-Sutra is the spec the codegen implements.
//
// eq — cosine similarity, placed on the truth axis.
//
//   function fuzzy eq(vector a, vector b) {
//       number na  = sqrt(dot(a, a));
//       number nb  = sqrt(dot(b, b));
//       number cos = dot(a, b) / (na * nb + finfo_tiny);
//       return make_truth(cos);
//   }
//
// Blocked on: `dot`, `sqrt`, `make_truth`, `finfo_tiny`.


// similarity / Cosine — cosine similarity as a scalar (no truth-axis
// placement). Same dot/norm pipeline as eq, but returns the scalar
// cosine instead of wrapping it on the truth axis.
//
//   function number similarity(vector a, vector b) {
//       number na = sqrt(dot(a, a));
//       number nb = sqrt(dot(b, b));
//       return dot(a, b) / (na * nb + finfo_tiny);
//   }
//
// Blocked on: `dot`, `sqrt`.


// argmax_cosine — highest-cosine match from a candidate list. CALLABLE.
//
//   Call: vector winner = argmax_cosine(query, [c1, c2, c3]);
//   The candidates are an INLINE ARRAY LITERAL of vectors; returns the one
//   nearest `query` by cosine. The cleanup primitive every retrieval demo uses
//   (hello_world / nearest_phrase / classifier / semantic_faq).
//
// Reference algorithm the codegen implements (blocked as Sutra source on
// `stack`, `@` matmul, `row_norms`, `argmax`, runtime array indexing):
//
//   function vector argmax_cosine(vector query, vector[] candidates) {
//       matrix C       = stack(candidates);
//       vector scores  = (C @ query) / (row_norms(C) * norm(query) + tiny);
//       int    best    = argmax(scores);
//       return candidates[best];
//   }


// select — softmax-weighted superposition of option vectors. CALLABLE.
//
//   Call: vector blended = select([s1, s2, s3], [o1, o2, o3]);
//   Inline array literals: a score per option, a vector per option; returns the
//   softmax-weighted blend (the fuzzy/branchless N-way conditional).
//
// Reference algorithm the codegen implements:
//
//   function vector select(number[] scores, vector[] options) {
//       number[] s   = scores - max(scores);
//       number[] w   = exp(s);
//       w            = w / sum(w);
//       return sum(w[i] * options[i] for i);
//   }
//
// Blocked on: `max`, `exp`, `sum` reductions, broadcast-multiply over
// an array, comprehension-style reduction.


// snap — cleanup to nearest stored pattern. The canonical "lookup"
// operation on a memory substrate. Not supported on the default CPU
// runtime — requires a substrate-level cleanup circuit. See
// `planning/sutra-spec/operations.md` for the semantic contract —
// cleanup is a substrate-level primitive, not composable from other
// Sutra ops.


// ==========================================================================
// Section 3 — intrinsic declarations
// ==========================================================================
//
// These are runtime-implemented. Calls compile to `_VSA.<name>(...)`.
// The stubs above show the target Sutra-level definitions once the
// underlying primitives (dot, sqrt, tanh) get first-class surfaces;
// for now the body lives in the runtime class and these declarations
// expose the signatures at the Sutra level.

intrinsic function fuzzy eq(vector a, vector b);
intrinsic function number similarity(vector a, vector b);
