// Hello world — the minimal Sutra program.
//
// Traditional Hello World prints mid-function: `print("Hello, world")`.
// Sutra can't do that — not because it lacks I/O (I/O is core), but because
// the whole program runs all at once as one synchronous neural network, so
// there's no mid-computation moment to print at. I/O happens at the program's
// boundaries instead; here the output is the value the program RETURNS at the
// end. So "hello world" means: build the greeting vector, match it against a
// codebook, and return the matching name as the program's result.
//
// This is also the smallest demonstration that the compiler + runtime
// are real: source -> matrix ops -> named output.

// The greeting, as a vector in the space.
vector greeting = embed("hello_world");

// A small codebook of candidate phrases.
vector v_hello    = embed("hello_world");
vector v_goodbye  = embed("goodbye");
vector v_question = embed("are_you_there");

map<vector, string> PHRASE_NAME = {
    v_hello:    "hello world",
    v_goodbye:  "goodbye",
    v_question: "are you there"
};

// `say` is the whole program: identify `greeting` against the codebook
// by cosine similarity and return its name. The return is the output —
// I/O at the end-of-program boundary, not a print in the middle.
function string say() {
    vector winner = argmax_cosine(greeting, [v_hello, v_goodbye, v_question]);
    return PHRASE_NAME[winner];
}

// Entry point. `python -m sutra_compiler --run examples/hello_world.su`
// (and the IDE's gutter play button) invoke `main()` and print its
// return value.
function string main() {
    return say();
}
