// count.su — a GUI counter that's a real substrate-state RNN.
//
// The recurrence (state across ticks) lives ON THE SUBSTRATE as a vector
// surviving across calls, NOT as a host scalar read out and shuttled each tick.
// This is the substrate-RNN shape per planning/sutra-spec/non-halting-loop.md
// (Emma 2026-05-28). The count itself never gets extracted to a Python
// number between ticks; the host can decode it for display at the display
// boundary (demos/gui/_display.read_real), separate from the recurrence.
// Measured 2026-06-11: step() x5 with no host feedback = [1,2,3,4,5].
//
//   step()           — one click. Loads the recurring `state` vector,
//                      increments its real axis by 1.0, writes the new
//                      state back via `recur(...)`, and returns the new
//                      state as the per-tick output. The substrate state
//                      vector is the count; subsequent ticks read it
//                      back without extraction.
//
//   pixel(x, y, n)   — radial-glow field. Stateless per-cell dispatch;
//                      the host passes the current count `n` (decoded at the
//                      display boundary, _display.read_real — fine).
//                      The pixel function itself is just geometry.
//
// We do NOT wrap back to 0 after 9 (Emma: don't care past the count); the
// count just keeps rising and the glow exits the right edge.
//
// @fv-claim: rnn test=demos/gui/test_gui_counter.py
function vector step() {
    recurring vector state = make_real(0.0);
    vector next_state = state + make_real(1.0);
    recur(next_state);
    return(next_state);
}

function vector pixel(number x, number y, number n) {
    number cx = (2.0 * n / 9.0) - 1.0;
    number dx = x - cx;
    return make_real(1.0 - dx * dx - y * y);
}

function vector main() { return step(); }
