// count.su — a GUI counter that's a real substrate-state RNN.
//
// The recurrence (state across ticks) lives ON THE SUBSTRATE as a vector
// surviving across calls, NOT as a host scalar shuttled through real().
// This is the substrate-RNN shape per planning/sutra-spec/non-halting-loop.md
// (Emma 2026-05-28). The count itself never gets extracted to a Python
// number between ticks; the host can decode it for display via vsa.real(),
// but that's a monitoring boundary — separate from the recurrence.
//
//   step()           — one click. Loads the recurring `state` vector,
//                      increments its real axis by 1.0, writes the new
//                      state back via `recur(...)`, and returns the new
//                      state as the per-tick output. The substrate state
//                      vector is the count; subsequent ticks read it
//                      back without extraction.
//
//   pixel(x, y, n)   — radial-glow field. Stateless per-cell dispatch;
//                      the host passes the current count `n` (decoded via
//                      vsa.real() — that's the monitoring boundary, fine).
//                      The pixel function itself is just geometry.
//
// We do NOT wrap back to 0 after 9 (Emma: don't care past the count); the
// count just keeps rising and the glow exits the right edge.
function vector step() {
    recurring vector state = make_real(0.0);
    vector next_state = state + make_real(1.0);
    recur(next_state);
    return(next_state);
}

function vector pixel(scalar x, scalar y, scalar n) {
    scalar cx = (2.0 * n / 9.0) - 1.0;
    scalar dx = x - cx;
    return make_real(1.0 - dx * dx - y * y);
}

function vector main() { return step(); }
